 *******************************************************************************
 ** Cite this program as: MOPAC2016, Version: 22.234L, James J. P. Stewart,   **
 **                           web-site: HTTP://OpenMOPAC.net.                 **
 *******************************************************************************
 **                                                                           **
 **                                MOPAC2016                                  **
 **                                                                           **
 *******************************************************************************

                              PM6-D3H4 CALCULATION RESULTS

 *******************************************************************************
 *  CALCULATION DONE:                                Tue Aug 25 10:04:10 2026  *
 *  PM6-D3H4   - CORRECT DISPERSION AND HYDROGEN BOND TERMS USING THE D3H4 METHOD
 *  START_RES  - STARTING RESIDUE NUMBERS DEFINED
 *  Keyword:     START_RES=(1A 2B) 
 *  CHAINS     - PDB CHAIN LETTERS EXPLICITLY DEFINED
 *  Keyword:     CHAINS=(AB) 
 *  PDB        - INPUT GEOMETRY IS IN PDB FORMAT
 *  MOZYME     - USE LOCALIZED M.O.s IN SOLVING THE SCF EQUATIONS
 *  EPS=78.4   - USE ANDREAS KLAMT'S COSMO IMPLICIT SOLVATION MODEL
 *  1SCF       - DO 1 SCF AND THEN STOP 
 *  T=         - A TIME OF 172800.0 SECONDS REQUESTED
 *  DUMP=N     - RESTART FILE WRITTEN EVERY 7200.0 SECONDS REQUESTED
 *  AUX        - OUTPUT AUXILIARY INFORMATION
 *  VECTORS    - FINAL MOLECULAR ORBITALS TO BE PRINTED
 *  LARGE      - EXPANDED OUTPUT TO BE PRINTED
 *  ALLVEC     - PRINT ALL EIGENVECTORS
 *******************************************************************************
 START_RES=(1A 2B)  CHAINS=(AB) PM6-D3H4 ALLVEC VECTOR LARGE MOZYME AUX eps=78.4 PDB 1SCF


   ATOM                 CHEMICAL                   X               Y               Z
  NUMBER                 SYMBOL               (ANGSTROMS)     (ANGSTROMS)     (ANGSTROMS)
 
     1       C(ATOM      1  C1  ACY A   1)   -1.11400000  *   1.32700000  *   0.27500000  *
     2       O(ATOM      2  O1  ACY A   1)   -0.46700000  *   2.34900000  *   0.46200000  *
     3       O(ATOM      3  O2  ACY A   1)   -0.57800000  *   0.13700000  *   0.05000000  *
     4       H(ATOM      4  H1  ACY A   1)    0.41300000  *   0.20300000  *   0.05500000  *
     5       C(ATOM      5  C2  ACY A   1)   -2.61100000  *   1.28600000  *   0.27700000  *
     6       H(ATOM      6  H2  ACY A   1)   -3.00700000  *   2.27700000  *   0.46600000  *
     7       H(ATOM      7  H3  ACY A   1)   -2.96400000  *   0.91500000  *  -0.68200000  *
     8       H(ATOM      8  H4  ACY A   1)   -2.95300000  *   0.59200000  *   1.04100000  *
     9       N(ATOM      9  N1  URA B   2)    5.04900000  *   1.11000000  *   0.18000000  *
    10       H(ATOM     10  H1  URA B   2)    5.44300000  *   0.19400000  *   0.00800000  *
    11       C(ATOM     11  C1  URA B   2)    5.97100000  *   2.15800000  *   0.36100000  *
    12       O(ATOM     12  O1  URA B   2)    7.16800000  *   1.93900000  *   0.30800000  *
    13       C(ATOM     13  C2  URA B   2)    5.33200000  *   3.43700000  *   0.60200000  *
    14       H(ATOM     14  H2  URA B   2)    5.95100000  *   4.30400000  *   0.75300000  *
    15       C(ATOM     15  C3  URA B   2)    3.98500000  *   3.51700000  *   0.63100000  *
    16       H(ATOM     16  H3  URA B   2)    3.46200000  *   4.44600000  *   0.80600000  *
    17       N(ATOM     17  N2  URA B   2)    3.18100000  *   2.42700000  *   0.44100000  *
    18       H(ATOM     18  H4  URA B   2)    2.15700000  *   2.49700000  *   0.46400000  *
    19       C(ATOM     19  C4  URA B   2)    3.68100000  *   1.17600000  *   0.20600000  *
    20       O(ATOM     20  O2  URA B   2)    2.96900000  *   0.18700000  *   0.03300000  *
 

 General Reference for PM6:
 "Optimization of Parameters for Semiempirical Methods V: Modification of NDDO Approximations
 and Application to 70 Elements", J. J. P. Stewart, J. Mol. Mod., 13, 1173-1213 (2007)
 URL: https://link.springer.com/article/10.1007/s00894-007-0233-4

           Empirical Formula: C6 H8 N2 O4  =    20 atoms



      MOLECULAR POINT GROUP   :   Cs  

          NO CHARGES FOUND.

          COMPUTED CHARGE ON SYSTEM: +0

 -------------------------------------------------------------------------------
 START_RES=(1A 2B)  CHAINS=(AB) PM6-D3H4 ALLVEC VECTOR LARGE MOZYME AUX eps=78.4 PDB 1SCF




     1SCF WAS SPECIFIED, SO BFGS WAS NOT USED                 
     SCF FIELD WAS ACHIEVED                                   


                              PM6-D3H4 CALCULATION
                                                       MOPAC2016 (Version: 22.234L)
                                                       Tue Aug 25 10:04:10 2026




          FINAL HEAT OF FORMATION =       -190.28595 KCAL/MOL =    -796.15640 KJ/MOL
          VAN DER WAALS AREA      =        210.32 SQUARE ANGSTROMS


          SOLVATION ENERGY        =         -2.01294 EV

          DIELECTRIC ENERGY       =         -0.94871 EV
          COSMO AREA              =        210.32 SQUARE ANGSTROMS
          COSMO VOLUME            =        197.28 CUBIC ANGSTROMS

          NO. OF FILLED LEVELS    =         33
          MOLECULAR WEIGHT        =        172.1402         POINT GROUP:  Cs  

          MOLECULAR DIMENSIONS (Angstroms)

            Atom       Atom       Distance
            O    12    H     8    10.23652
            H    10    H    16     4.52989
            O    12    H     7     1.74534


          SCF CALCULATIONS        =          1
 
          WALL-CLOCK TIME         =      0.074 SECONDS
          COMPUTATION TIME        =      0.035 SECONDS




   ATOM                 CHEMICAL                   X               Y               Z
  NUMBER                 SYMBOL               (ANGSTROMS)     (ANGSTROMS)     (ANGSTROMS)
 
     1       C(ATOM      1  C1  ACY A   1)   -1.11400000  *   1.32700000  *   0.27500000  *
     2       O(ATOM      2  O1  ACY A   1)   -0.46700000  *   2.34900000  *   0.46200000  *
     3       O(ATOM      3  O2  ACY A   1)   -0.57800000  *   0.13700000  *   0.05000000  *
     4       H(ATOM      4  H1  ACY A   1)    0.41300000  *   0.20300000  *   0.05500000  *
     5       C(ATOM      5  C2  ACY A   1)   -2.61100000  *   1.28600000  *   0.27700000  *
     6       H(ATOM      6  H2  ACY A   1)   -3.00700000  *   2.27700000  *   0.46600000  *
     7       H(ATOM      7  H3  ACY A   1)   -2.96400000  *   0.91500000  *  -0.68200000  *
     8       H(ATOM      8  H4  ACY A   1)   -2.95300000  *   0.59200000  *   1.04100000  *
     9       N(ATOM      9  N1  URA B   2)    5.04900000  *   1.11000000  *   0.18000000  *
    10       H(ATOM     10  H1  URA B   2)    5.44300000  *   0.19400000  *   0.00800000  *
    11       C(ATOM     11  C1  URA B   2)    5.97100000  *   2.15800000  *   0.36100000  *
    12       O(ATOM     12  O1  URA B   2)    7.16800000  *   1.93900000  *   0.30800000  *
    13       C(ATOM     13  C2  URA B   2)    5.33200000  *   3.43700000  *   0.60200000  *
    14       H(ATOM     14  H2  URA B   2)    5.95100000  *   4.30400000  *   0.75300000  *
    15       C(ATOM     15  C3  URA B   2)    3.98500000  *   3.51700000  *   0.63100000  *
    16       H(ATOM     16  H3  URA B   2)    3.46200000  *   4.44600000  *   0.80600000  *
    17       N(ATOM     17  N2  URA B   2)    3.18100000  *   2.42700000  *   0.44100000  *
    18       H(ATOM     18  H4  URA B   2)    2.15700000  *   2.49700000  *   0.46400000  *
    19       C(ATOM     19  C4  URA B   2)    3.68100000  *   1.17600000  *   0.20600000  *
    20       O(ATOM     20  O2  URA B   2)    2.96900000  *   0.18700000  *   0.03300000  *

                             CARTESIAN COORDINATES

   1    C       -1.114000000     1.327000000     0.275000000
   2    O       -0.467000000     2.349000000     0.462000000
   3    O       -0.578000000     0.137000000     0.050000000
   4    H        0.413000000     0.203000000     0.055000000
   5    C       -2.611000000     1.286000000     0.277000000
   6    H       -3.007000000     2.277000000     0.466000000
   7    H       -2.964000000     0.915000000    -0.682000000
   8    H       -2.953000000     0.592000000     1.041000000
   9    N        5.049000000     1.110000000     0.180000000
  10    H        5.443000000     0.194000000     0.008000000
  11    C        5.971000000     2.158000000     0.361000000
  12    O        7.168000000     1.939000000     0.308000000
  13    C        5.332000000     3.437000000     0.602000000
  14    H        5.951000000     4.304000000     0.753000000
  15    C        3.985000000     3.517000000     0.631000000
  16    H        3.462000000     4.446000000     0.806000000
  17    N        3.181000000     2.427000000     0.441000000
  18    H        2.157000000     2.497000000     0.464000000
  19    C        3.681000000     1.176000000     0.206000000
  20    O        2.969000000     0.187000000     0.033000000


           Empirical Formula: C6 H8 N2 O4  =    20 atoms

          LOCALIZED MOLECULAR ORBITALS

           Occupied Set

  NUMBER OF CENTERS  LMO ENERGY     COMPOSITION OF ORBITALS 
                                    (AS PERCENT OF THE LMO)

   1    1.9856        -27.94729    O 20 57.46    C 19 41.65
   2    1.9447        -27.82451    O  2 59.36    C  1 40.23
   3    1.9657        -27.58851    O 12 58.58    C 11 40.69
   4    1.7091        -25.80173    O  3 70.94    H  4 28.61
   5    1.9754        -25.62053    N 17 58.38    C 19 40.67
   6    1.9645        -25.61004    N  9 59.50    C 19 39.37
   7    1.8787        -25.10323    O  3 63.44    C  1 36.03
   8    1.9612        -24.60197    N 17 59.81    C 15 39.01
   9    1.9167        -24.43879    N  9 62.43    C 11 36.33
  10    1.8173        -23.71880    N 17 66.53    H 18 32.81
  11    1.8159        -23.59572    N  9 66.66    H 10 32.61
  12    2.0278        -21.80355    C 13 49.90    C 15 49.41
  13    2.0349        -21.19793    C 13 50.21    C 11 48.92
  14    2.0247        -20.21978    C  1 51.37    C  5 47.96
  15    1.0522        -20.01694    O 12 97.48    C 11  1.41
  16    1.0574        -19.86692    O  2 97.23    C  1  1.89
  17    1.0654        -19.65731    O 20 96.86    C 19  2.08
  18    1.9559        -19.40862    C 15 59.43    H 16 39.76
  19    1.9434        -18.61449    C 13 60.62    H 14 38.35
  20    1.0850        -17.87605    O  3 95.97    H  4  2.53
  21    1.9409        -17.65178    C  5 59.98    H  6 39.43
  22    1.9607        -17.64077    C  5 59.84    H  8 38.98
  23    1.9608        -17.62814    C  5 59.83    H  7 38.99
  24    1.5687        -15.31315    O 20 76.47    C 19 22.96
  25    1.5708        -15.20768    O  2 76.28    C  1 23.40
  26    1.5574        -15.04276    O 12 76.78    C 11 22.93
  27    1.1553        -14.46570    O 20 92.94    C 19  3.87    N  9  1.63
  28    1.1365        -14.18867    O 12 93.72    C 11  3.60    N  9  1.15    C 13  1.09
  29    1.1170        -14.00774    O  2 94.56    C  1  2.91    O  3  1.25    C  5  1.08
  30    1.2073        -13.91495    O  3 90.76    C  1  5.91    O  2  3.24
  31    1.4825        -12.84951    N  9 81.57    C 19  6.33    C 11  5.95    O 20  3.34    O 12  2.28
  32    1.5490        -12.80275    N 17 79.75    C 19  6.47    C 15  5.45    O 20  3.50    C 13  3.46
  33    2.0886        -12.14094    C 13 59.89    C 15 34.48    C 11  3.26    O 12  1.30

           Virtual Set (NOT re-localized!)

  NUMBER OF CENTERS  LMO ENERGY     COMPOSITION OF ORBITALS 
                                    (AS PERCENT OF THE LMO)

  34    2.2250          0.10373    C 15 58.28    C 13 31.87    N 17  9.06
  35    2.2478          0.32551    C 19 63.11    O 20 16.97    N  9  9.45    N 17  9.36    C 13  1.00
  36    2.0552          0.36230    C 11 66.38    O 12 19.45    N  9  8.09    C 13  3.54    C 15  1.35
                                   N 17  1.10
  37    1.9082          0.37020    C  1 68.90    O  2 20.27    O  3  9.02    C  5  1.03
  38    2.1590          2.53261    C 19 55.90    N 17 38.60    O 20  4.12
  39    2.1471          2.55710    C 19 56.81    N  9 37.57    O 20  4.30
  40    2.0782          2.62325    C  1 60.28    O  3 33.96    O  2  4.99
  41    2.1236          2.73228    C  5 49.73    C  1 47.23    O  2  2.31
  42    2.1296          2.77326    C 11 59.17    N  9 34.15    O 12  5.32
  43    1.9665          2.99826    C 15 59.49    N 17 39.32
  44    2.1358          3.12902    C 11 49.34    C 13 47.34    O 12  2.55
  45    1.9859          3.26397    C 19 57.22    O 20 41.97
  46    1.9945          3.70729    C  1 58.49    O  2 39.89    O  3  1.22
  47    1.9587          3.79495    C 11 58.68    O 12 40.77
  48    1.7938          4.01023    H  4 67.81    O  3 31.25
  49    2.0168          4.13865    C 15 50.06    C 13 49.52
  50    1.8452          4.42886    H 18 65.68    N 17 33.25
  51    1.9442          4.84883    H 16 59.50    C 15 40.04
  52    1.8477          4.92513    H 10 65.65    N  9 33.20
  53    1.9206          5.52788    H  7 60.38    C  5 39.51
  54    1.9204          5.52909    H  8 60.39    C  5 39.50
  55    1.9229          5.61749    H  6 60.21    C  5 39.69
  56    1.9153          5.71179    H 14 60.97    C 13 38.78


              NET ATOMIC CHARGES AND DIPOLE CONTRIBUTIONS

  ATOM NO.                 TYPE                        CHARGE      No. of ELECS.   s-Pop       p-Pop       
    1          C(ATOM      1  C1  ACY A   1)           0.705790        3.2942     1.08092     2.21329
    2          O(ATOM      2  O1  ACY A   1)          -0.643042        6.6430     1.85394     4.78910
    3          O(ATOM      3  O2  ACY A   1)          -0.479825        6.4798     1.80090     4.67893
    4          H(ATOM      4  H1  ACY A   1)           0.361862        0.6381     0.63814
    5          C(ATOM      5  C2  ACY A   1)          -0.590842        4.5908     1.09872     3.49212
    6          H(ATOM      6  H2  ACY A   1)           0.209916        0.7901     0.79008
    7          H(ATOM      7  H3  ACY A   1)           0.217748        0.7823     0.78225
    8          H(ATOM      8  H4  ACY A   1)           0.218127        0.7819     0.78187
    9          N(ATOM      9  N1  URA B   2)          -0.513019        5.5130     1.50873     4.00429
   10          H(ATOM     10  H1  URA B   2)           0.320100        0.6799     0.67990
   11          C(ATOM     11  C1  URA B   2)           0.691680        3.3083     1.05141     2.25691
   12          O(ATOM     12  O1  URA B   2)          -0.618814        6.6188     1.85016     4.76866
   13          C(ATOM     13  C2  URA B   2)          -0.525994        4.5260     1.11469     3.41131
   14          H(ATOM     14  H2  URA B   2)           0.229620        0.7704     0.77038
   15          C(ATOM     15  C3  URA B   2)           0.210954        3.7890     1.10023     2.68882
   16          H(ATOM     16  H3  URA B   2)           0.196321        0.8037     0.80368
   17          N(ATOM     17  N2  URA B   2)          -0.362814        5.3628     1.45929     3.90352
   18          H(ATOM     18  H4  URA B   2)           0.319223        0.6808     0.68078
   19          C(ATOM     19  C4  URA B   2)           0.678238        3.3218     1.01685     2.30492
   20          O(ATOM     20  O2  URA B   2)          -0.625231        6.6252     1.85898     4.76625

          NET CHARGE ON RESIDUES

      Residue         Charge  Anion or
                              Cation?
      ACY A   1       +0.000
      URA B   2       +0.000
 


 DIPOLE           X         Y         Z       TOTAL
 POINT-CHG.    -6.407     3.161     0.623     7.172
 HYBRID         0.389    -0.715    -0.136     0.825
 SUM           -6.017     2.447     0.488     6.514


          ATOMIC ORBITAL ELECTRON POPULATIONS

                   Atom                  s        px        py        pz   
    1  C(ATOM      1  C1  ACY A   1)   1.08092   0.85597   0.73260   0.62473
    2  O(ATOM      2  O1  ACY A   1)   1.85394   1.73214   1.46603   1.59093
    3  O(ATOM      3  O2  ACY A   1)   1.80090   1.40442   1.46764   1.80687
    4  H(ATOM      4  H1  ACY A   1)   0.63814
    5  C(ATOM      5  C2  ACY A   1)   1.09872   1.02656   1.23120   1.23436
    6  H(ATOM      6  H2  ACY A   1)   0.79008
    7  H(ATOM      7  H3  ACY A   1)   0.78225
    8  H(ATOM      8  H4  ACY A   1)   0.78187
    9  N(ATOM      9  N1  URA B   2)   1.50873   1.13454   1.24250   1.62725
   10  H(ATOM     10  H1  URA B   2)   0.67990
   11  C(ATOM     11  C1  URA B   2)   1.05141   0.77515   0.80913   0.67262
   12  O(ATOM     12  O1  URA B   2)   1.85016   1.31752   1.83486   1.61628
   13  C(ATOM     13  C2  URA B   2)   1.11469   1.04127   1.10435   1.26569
   14  H(ATOM     14  H2  URA B   2)   0.77038
   15  C(ATOM     15  C3  URA B   2)   1.10023   0.94047   0.93647   0.81188
   16  H(ATOM     16  H3  URA B   2)   0.80368
   17  N(ATOM     17  N2  URA B   2)   1.45929   1.19163   1.11960   1.59230
   18  H(ATOM     18  H4  URA B   2)   0.68078
   19  C(ATOM     19  C4  URA B   2)   1.01685   0.77989   0.78658   0.73844
   20  O(ATOM     20  O2  URA B   2)   1.85898   1.64858   1.46463   1.65304

 **********************
 *                    *
 * JOB ENDED NORMALLY *
 *                    *
 **********************



 TOTAL JOB TIME:             0.13 SECONDS

 == MOPAC DONE ==
