 *******************************************************************************
 ** Cite this program as: MOPAC2016, Version: 22.234L, James J. P. Stewart,   **
 **                           web-site: HTTP://OpenMOPAC.net.                 **
 *******************************************************************************
 **                                                                           **
 **                                MOPAC2016                                  **
 **                                                                           **
 *******************************************************************************

                              PM6-D3H4 CALCULATION RESULTS

 *******************************************************************************
 *  CALCULATION DONE:                                Tue Aug 25 10:04:50 2026  *
 *  PM6-D3H4   - CORRECT DISPERSION AND HYDROGEN BOND TERMS USING THE D3H4 METHOD
 *  START_RES  - STARTING RESIDUE NUMBERS DEFINED
 *  Keyword:     START_RES=(1A 2B) 
 *  CHAINS     - PDB CHAIN LETTERS EXPLICITLY DEFINED
 *  Keyword:     CHAINS=(AB) 
 *  PDB        - INPUT GEOMETRY IS IN PDB FORMAT
 *  MOZYME     - USE LOCALIZED M.O.s IN SOLVING THE SCF EQUATIONS
 *  EPS=78.4   - USE ANDREAS KLAMT'S COSMO IMPLICIT SOLVATION MODEL
 *  1SCF       - DO 1 SCF AND THEN STOP 
 *  T=         - A TIME OF 172800.0 SECONDS REQUESTED
 *  DUMP=N     - RESTART FILE WRITTEN EVERY 7200.0 SECONDS REQUESTED
 *  AUX        - OUTPUT AUXILIARY INFORMATION
 *  VECTORS    - FINAL MOLECULAR ORBITALS TO BE PRINTED
 *  LARGE      - EXPANDED OUTPUT TO BE PRINTED
 *  ALLVEC     - PRINT ALL EIGENVECTORS
 *******************************************************************************
 START_RES=(1A 2B)  CHAINS=(AB) PM6-D3H4 ALLVEC VECTOR LARGE MOZYME AUX eps=78.4 PDB 1SCF


   ATOM                 CHEMICAL                   X               Y               Z
  NUMBER                 SYMBOL               (ANGSTROMS)     (ANGSTROMS)     (ANGSTROMS)
 
     1       C(ATOM      1  C1  ACY A   1)   -1.11400000  *   1.32700000  *   0.27500000  *
     2       O(ATOM      2  O1  ACY A   1)   -0.46700000  *   2.34900000  *   0.46200000  *
     3       O(ATOM      3  O2  ACY A   1)   -0.57800000  *   0.13700000  *   0.05000000  *
     4       H(ATOM      4  H1  ACY A   1)    0.41300000  *   0.20300000  *   0.05500000  *
     5       C(ATOM      5  C2  ACY A   1)   -2.61100000  *   1.28600000  *   0.27700000  *
     6       H(ATOM      6  H2  ACY A   1)   -3.00700000  *   2.27700000  *   0.46600000  *
     7       H(ATOM      7  H3  ACY A   1)   -2.96400000  *   0.91500000  *  -0.68200000  *
     8       H(ATOM      8  H4  ACY A   1)   -2.95300000  *   0.59200000  *   1.04100000  *
     9       N(ATOM      9  N1  URA B   2)    4.62300000  *   1.09900000  *   0.18100000  *
    10       H(ATOM     10  H1  URA B   2)    5.01600000  *   0.18400000  *   0.01000000  *
    11       C(ATOM     11  C1  URA B   2)    5.54500000  *   2.14700000  *   0.36300000  *
    12       O(ATOM     12  O1  URA B   2)    6.74200000  *   1.92900000  *   0.31000000  *
    13       C(ATOM     13  C2  URA B   2)    4.90600000  *   3.42600000  *   0.60300000  *
    14       H(ATOM     14  H2  URA B   2)    5.52500000  *   4.29300000  *   0.75500000  *
    15       C(ATOM     15  C3  URA B   2)    3.55900000  *   3.50600000  *   0.63300000  *
    16       H(ATOM     16  H3  URA B   2)    3.03600000  *   4.43500000  *   0.80800000  *
    17       N(ATOM     17  N2  URA B   2)    2.75500000  *   2.41600000  *   0.44200000  *
    18       H(ATOM     18  H4  URA B   2)    1.73100000  *   2.48600000  *   0.46600000  *
    19       C(ATOM     19  C4  URA B   2)    3.25500000  *   1.16600000  *   0.20800000  *
    20       O(ATOM     20  O2  URA B   2)    2.54300000  *   0.17600000  *   0.03500000  *
 

 General Reference for PM6:
 "Optimization of Parameters for Semiempirical Methods V: Modification of NDDO Approximations
 and Application to 70 Elements", J. J. P. Stewart, J. Mol. Mod., 13, 1173-1213 (2007)
 URL: https://link.springer.com/article/10.1007/s00894-007-0233-4

           Empirical Formula: C6 H8 N2 O4  =    20 atoms



      MOLECULAR POINT GROUP   :   Cs  

          NO CHARGES FOUND.

          COMPUTED CHARGE ON SYSTEM: +0

 -------------------------------------------------------------------------------
 START_RES=(1A 2B)  CHAINS=(AB) PM6-D3H4 ALLVEC VECTOR LARGE MOZYME AUX eps=78.4 PDB 1SCF




     1SCF WAS SPECIFIED, SO BFGS WAS NOT USED                 
     SCF FIELD WAS ACHIEVED                                   


                              PM6-D3H4 CALCULATION
                                                       MOPAC2016 (Version: 22.234L)
                                                       Tue Aug 25 10:04:50 2026




          FINAL HEAT OF FORMATION =       -193.46388 KCAL/MOL =    -809.45286 KJ/MOL
          VAN DER WAALS AREA      =        202.48 SQUARE ANGSTROMS


          SOLVATION ENERGY        =         -0.91132 EV

          DIELECTRIC ENERGY       =         -0.85272 EV
          COSMO AREA              =        202.48 SQUARE ANGSTROMS
          COSMO VOLUME            =        193.38 CUBIC ANGSTROMS

          NO. OF FILLED LEVELS    =         33
          MOLECULAR WEIGHT        =        172.1402         POINT GROUP:  Cs  

          MOLECULAR DIMENSIONS (Angstroms)

            Atom       Atom       Distance
            O    12    H     8     9.81402
            H    16    H    10     4.53489
            H     7    O    12     1.74471


          SCF CALCULATIONS        =          1
 
          WALL-CLOCK TIME         =      0.074 SECONDS
          COMPUTATION TIME        =      0.035 SECONDS




   ATOM                 CHEMICAL                   X               Y               Z
  NUMBER                 SYMBOL               (ANGSTROMS)     (ANGSTROMS)     (ANGSTROMS)
 
     1       C(ATOM      1  C1  ACY A   1)   -1.11400000  *   1.32700000  *   0.27500000  *
     2       O(ATOM      2  O1  ACY A   1)   -0.46700000  *   2.34900000  *   0.46200000  *
     3       O(ATOM      3  O2  ACY A   1)   -0.57800000  *   0.13700000  *   0.05000000  *
     4       H(ATOM      4  H1  ACY A   1)    0.41300000  *   0.20300000  *   0.05500000  *
     5       C(ATOM      5  C2  ACY A   1)   -2.61100000  *   1.28600000  *   0.27700000  *
     6       H(ATOM      6  H2  ACY A   1)   -3.00700000  *   2.27700000  *   0.46600000  *
     7       H(ATOM      7  H3  ACY A   1)   -2.96400000  *   0.91500000  *  -0.68200000  *
     8       H(ATOM      8  H4  ACY A   1)   -2.95300000  *   0.59200000  *   1.04100000  *
     9       N(ATOM      9  N1  URA B   2)    4.62300000  *   1.09900000  *   0.18100000  *
    10       H(ATOM     10  H1  URA B   2)    5.01600000  *   0.18400000  *   0.01000000  *
    11       C(ATOM     11  C1  URA B   2)    5.54500000  *   2.14700000  *   0.36300000  *
    12       O(ATOM     12  O1  URA B   2)    6.74200000  *   1.92900000  *   0.31000000  *
    13       C(ATOM     13  C2  URA B   2)    4.90600000  *   3.42600000  *   0.60300000  *
    14       H(ATOM     14  H2  URA B   2)    5.52500000  *   4.29300000  *   0.75500000  *
    15       C(ATOM     15  C3  URA B   2)    3.55900000  *   3.50600000  *   0.63300000  *
    16       H(ATOM     16  H3  URA B   2)    3.03600000  *   4.43500000  *   0.80800000  *
    17       N(ATOM     17  N2  URA B   2)    2.75500000  *   2.41600000  *   0.44200000  *
    18       H(ATOM     18  H4  URA B   2)    1.73100000  *   2.48600000  *   0.46600000  *
    19       C(ATOM     19  C4  URA B   2)    3.25500000  *   1.16600000  *   0.20800000  *
    20       O(ATOM     20  O2  URA B   2)    2.54300000  *   0.17600000  *   0.03500000  *

                             CARTESIAN COORDINATES

   1    C       -1.114000000     1.327000000     0.275000000
   2    O       -0.467000000     2.349000000     0.462000000
   3    O       -0.578000000     0.137000000     0.050000000
   4    H        0.413000000     0.203000000     0.055000000
   5    C       -2.611000000     1.286000000     0.277000000
   6    H       -3.007000000     2.277000000     0.466000000
   7    H       -2.964000000     0.915000000    -0.682000000
   8    H       -2.953000000     0.592000000     1.041000000
   9    N        4.623000000     1.099000000     0.181000000
  10    H        5.016000000     0.184000000     0.010000000
  11    C        5.545000000     2.147000000     0.363000000
  12    O        6.742000000     1.929000000     0.310000000
  13    C        4.906000000     3.426000000     0.603000000
  14    H        5.525000000     4.293000000     0.755000000
  15    C        3.559000000     3.506000000     0.633000000
  16    H        3.036000000     4.435000000     0.808000000
  17    N        2.755000000     2.416000000     0.442000000
  18    H        1.731000000     2.486000000     0.466000000
  19    C        3.255000000     1.166000000     0.208000000
  20    O        2.543000000     0.176000000     0.035000000


           Empirical Formula: C6 H8 N2 O4  =    20 atoms

          LOCALIZED MOLECULAR ORBITALS

           Occupied Set

  NUMBER OF CENTERS  LMO ENERGY     COMPOSITION OF ORBITALS 
                                    (AS PERCENT OF THE LMO)

   1    1.9835        -28.00641    O 20 57.60    C 19 41.52
   2    1.9434        -27.88502    O  2 59.45    C  1 40.14
   3    1.9667        -27.61740    O 12 58.53    C 11 40.73
   4    1.7080        -25.83027    O  3 71.00    H  4 28.53
   5    1.9752        -25.70357    N 17 58.35    C 19 40.72
   6    1.9662        -25.65733    N  9 59.35    C 19 39.54
   7    1.8781        -25.15101    O  3 63.46    C  1 36.02
   8    1.9600        -24.63552    N 17 59.88    C 15 38.94
   9    1.9170        -24.46291    N  9 62.44    C 11 36.30
  10    1.8146        -23.74941    N 17 66.67    H 18 32.65
  11    1.8154        -23.64103    N  9 66.68    H 10 32.59
  12    2.0275        -21.82725    C 13 49.85    C 15 49.47
  13    2.0349        -21.22755    C 13 50.21    C 11 48.92
  14    2.0242        -20.24856    C  1 51.53    C  5 47.80
  15    1.0524        -20.04892    O 12 97.47    C 11  1.42
  16    1.0572        -19.92778    O  2 97.24    C  1  1.88
  17    1.0645        -19.73766    O 20 96.90    C 19  2.05
  18    1.9559        -19.42532    C 15 59.45    H 16 39.73
  19    1.9432        -18.63410    C 13 60.65    H 14 38.31
  20    1.0846        -17.92172    O  3 95.99    H  4  2.50
  21    1.9410        -17.66191    C  5 59.99    H  6 39.41
  22    1.9611        -17.65216    C  5 59.85    H  8 38.95
  23    1.9610        -17.63902    C  5 59.84    H  7 38.97
  24    1.5591        -15.38853    O 20 76.83    C 19 22.61
  25    1.5657        -15.26582    O  2 76.47    C  1 23.22
  26    1.5598        -15.05913    O 12 76.69    C 11 23.02
  27    1.1560        -14.63391    O 20 92.92    C 19  3.72    N  9  1.58
  28    1.1375        -14.19419    O 12 93.68    C 11  3.62    N  9  1.16    C 13  1.09
  29    1.1192        -14.13182    O  2 94.47    C  1  2.85    O  3  1.23    C  5  1.05
  30    1.2075        -13.96623    O  3 90.75    C  1  5.95    O  2  3.21
  31    1.4854        -12.88819    N  9 81.48    C 19  6.49    C 11  5.90    O 20  3.34    O 12  2.25
  32    1.5467        -12.86175    N 17 79.81    C 19  6.63    C 15  5.33    O 20  3.49    C 13  3.37
  33    2.0928        -12.15964    C 13 59.66    C 15 34.74    C 11  3.24    O 12  1.29

           Virtual Set (NOT re-localized!)

  NUMBER OF CENTERS  LMO ENERGY     COMPOSITION OF ORBITALS 
                                    (AS PERCENT OF THE LMO)

  34    2.2253          0.08191    C 15 58.10    C 13 32.24    N 17  8.87
  35    2.2488          0.26299    C 19 63.14    O 20 16.63    N  9  9.59    N 17  9.52    C 13  1.02
  36    1.9041          0.32635    C  1 69.03    O  2 20.10    O  3  9.04    C  5  1.04
  37    2.0553          0.33921    C 11 66.35    O 12 19.58    N  9  8.04    C 13  3.46    C 15  1.38
                                   N 17  1.09
  38    2.1556          2.47665    C 19 55.91    N 17 38.69    O 20  4.03
  39    2.1443          2.50333    C 19 56.73    N  9 37.79    O 20  4.14
  40    2.0760          2.57999    C  1 60.32    O  3 33.97    O  2  4.94
  41    2.1207          2.70621    C  5 49.92    C  1 47.10    O  2  2.25
  42    2.1296          2.74484    C 11 59.19    N  9 34.11    O 12  5.36
  43    1.9650          2.96157    C 15 59.57    N 17 39.25
  44    2.1363          3.10264    C 11 49.33    C 13 47.34    O 12  2.56
  45    1.9853          3.17596    C 19 57.35    O 20 41.81
  46    1.9939          3.64711    C  1 58.57    O  2 39.79    O  3  1.23
  47    1.9589          3.77450    C 11 58.64    O 12 40.82
  48    1.8020          3.98517    H  4 67.71    O  3 31.06
  49    2.0169          4.11660    C 15 50.00    C 13 49.58
  50    1.8488          4.40503    H 18 65.71    N 17 33.03
  51    1.9438          4.83060    H 16 59.53    C 15 40.01
  52    1.8468          4.91672    H 10 65.68    N  9 33.18
  53    1.9203          5.51857    H  7 60.40    C  5 39.49
  54    1.9201          5.51933    H  8 60.41    C  5 39.48
  55    1.9227          5.60858    H  6 60.22    C  5 39.68
  56    1.9148          5.69206    H 14 61.00    C 13 38.75


              NET ATOMIC CHARGES AND DIPOLE CONTRIBUTIONS

  ATOM NO.                 TYPE                        CHARGE      No. of ELECS.   s-Pop       p-Pop       
    1          C(ATOM      1  C1  ACY A   1)           0.708319        3.2917     1.08144     2.21025
    2          O(ATOM      2  O1  ACY A   1)          -0.646590        6.6466     1.85298     4.79361
    3          O(ATOM      3  O2  ACY A   1)          -0.482810        6.4828     1.80105     4.68175
    4          H(ATOM      4  H1  ACY A   1)           0.360229        0.6398     0.63977
    5          C(ATOM      5  C2  ACY A   1)          -0.587918        4.5879     1.09861     3.48931
    6          H(ATOM      6  H2  ACY A   1)           0.210300        0.7897     0.78970
    7          H(ATOM      7  H3  ACY A   1)           0.218261        0.7817     0.78174
    8          H(ATOM      8  H4  ACY A   1)           0.218622        0.7814     0.78138
    9          N(ATOM      9  N1  URA B   2)          -0.508055        5.5081     1.50736     4.00070
   10          H(ATOM     10  H1  URA B   2)           0.320673        0.6793     0.67933
   11          C(ATOM     11  C1  URA B   2)           0.690943        3.3091     1.05138     2.25767
   12          O(ATOM     12  O1  URA B   2)          -0.614139        6.6141     1.85035     4.76379
   13          C(ATOM     13  C2  URA B   2)          -0.519185        4.5192     1.11516     3.40402
   14          H(ATOM     14  H2  URA B   2)           0.230234        0.7698     0.76977
   15          C(ATOM     15  C3  URA B   2)           0.207715        3.7923     1.10026     2.69203
   16          H(ATOM     16  H3  URA B   2)           0.197006        0.8030     0.80299
   17          N(ATOM     17  N2  URA B   2)          -0.367801        5.3678     1.46048     3.90732
   18          H(ATOM     18  H4  URA B   2)           0.319909        0.6801     0.68009
   19          C(ATOM     19  C4  URA B   2)           0.679963        3.3200     1.01648     2.30355
   20          O(ATOM     20  O2  URA B   2)          -0.635677        6.6357     1.85781     4.77787

          NET CHARGE ON RESIDUES

      Residue         Charge  Anion or
                              Cation?
      ACY A   1       -0.002
      URA B   2       +0.002
 


 DIPOLE           X         Y         Z       TOTAL
 POINT-CHG.    -6.240     3.260     0.646     7.070
 HYBRID         0.387    -0.725    -0.133     0.833
 SUM           -5.852     2.535     0.513     6.398


          ATOMIC ORBITAL ELECTRON POPULATIONS

                   Atom                  s        px        py        pz   
    1  C(ATOM      1  C1  ACY A   1)   1.08144   0.85725   0.73079   0.62220
    2  O(ATOM      2  O1  ACY A   1)   1.85298   1.73226   1.46717   1.59418
    3  O(ATOM      3  O2  ACY A   1)   1.80105   1.40749   1.46776   1.80650
    4  H(ATOM      4  H1  ACY A   1)   0.63977
    5  C(ATOM      5  C2  ACY A   1)   1.09861   1.02341   1.23141   1.23448
    6  H(ATOM      6  H2  ACY A   1)   0.78970
    7  H(ATOM      7  H3  ACY A   1)   0.78174
    8  H(ATOM      8  H4  ACY A   1)   0.78138
    9  N(ATOM      9  N1  URA B   2)   1.50736   1.13214   1.24301   1.62554
   10  H(ATOM     10  H1  URA B   2)   0.67933
   11  C(ATOM     11  C1  URA B   2)   1.05138   0.77557   0.80922   0.67288
   12  O(ATOM     12  O1  URA B   2)   1.85035   1.31597   1.83425   1.61357
   13  C(ATOM     13  C2  URA B   2)   1.11516   1.04053   1.10393   1.25956
   14  H(ATOM     14  H2  URA B   2)   0.76977
   15  C(ATOM     15  C3  URA B   2)   1.10026   0.94124   0.93604   0.81475
   16  H(ATOM     16  H3  URA B   2)   0.80299
   17  N(ATOM     17  N2  URA B   2)   1.46048   1.19427   1.11985   1.59320
   18  H(ATOM     18  H4  URA B   2)   0.68009
   19  C(ATOM     19  C4  URA B   2)   1.01648   0.78083   0.78483   0.73789
   20  O(ATOM     20  O2  URA B   2)   1.85781   1.65147   1.46646   1.65995

 **********************
 *                    *
 * JOB ENDED NORMALLY *
 *                    *
 **********************



 TOTAL JOB TIME:             0.12 SECONDS

 == MOPAC DONE ==
